// Jest Snapshot v1, https://goo.gl/fbAQLP

exports[`<Checkbox /> should render the heading 1`] = `
<main
  class=""
>
  <h1>
    Checkbox
  </h1>
</main>
`;
