// Jest Snapshot v1, https://goo.gl/fbAQLP

exports[`<Banner /> should render the heading 1`] = `
.c7 {
  display: -webkit-inline-box;
  display: -webkit-inline-flex;
  display: -ms-inline-flexbox;
  display: inline-flex;
  -webkit-align-items: center;
  -webkit-box-align: center;
  -ms-flex-align: center;
  align-items: center;
  -webkit-box-pack: center;
  -webkit-justify-content: center;
  -ms-flex-pack: center;
  justify-content: center;
  cursor: pointer;
  background: linear-gradient(180deg,#ff5f5f 0%,#f062c0 50%);
  color: #FAFAFA;
  border: 0;
  border-radius: 0.4rem;
  padding: 0.8rem;
  -webkit-text-decoration: none;
  text-decoration: none;
  height: 5rem;
  font-size: 1.6rem;
  padding: 0.8rem 4.8rem;
}

.c7:hover {
  background: linear-gradient(180deg,#e35565 0%,#d958a6 50%);
}

.c3 {
  position: absolute;
  top: 1.6rem;
  display: -webkit-box;
  display: -webkit-flex;
  display: -ms-flexbox;
  display: flex;
  -webkit-align-items: center;
  -webkit-box-align: center;
  -ms-flex-align: center;
  align-items: center;
  font-weight: 600;
  color: #FAFAFA;
  background-color: #3CD3C1;
  font-size: 1.2rem;
  padding: 0 1.6rem;
  height: 2.6rem;
  right: -1.5rem;
}

.c3::before {
  content: '';
  position: absolute;
  right: 0;
  border-style: solid;
  border-left-width: 0rem;
  border-right-color: transparent;
  border-bottom-color: transparent;
  border-bottom-width: 1rem;
}

.c3::before {
  border-left-color: #1f8a7d;
  border-top-color: #1f8a7d;
}

.c3::before {
  top: 2.6rem;
  border-top-width: 0.7rem;
  border-right-width: 1.5rem;
}

.c0 {
  position: relative;
}

.c1 {
  width: 100%;
  height: 23rem;
  background-color: #EAEAEA;
  background-image: url(https://source.unsplash.com/user/willianjusten/1042x580);
  background-position: center center;
  background-size: cover;
}

.c4 {
  width: 100%;
  background-color: rgba(0,0,0,0.7);
  padding: 2.4rem;
}

.c5 {
  font-size: 1.8rem;
  font-weight: 600;
  color: #FAFAFA;
}

.c6 {
  color: #FAFAFA;
  font-size: 1.4rem;
  font-weight: 400;
  margin-bottom: 1.6rem;
}

.c6 strong {
  color: #F231A5;
  font-weight: 0.8rem;
}

@media (max-width:1170px) {
  .c0 .c2 {
    right: 0;
  }

  .c0 .c2::before {
    display: none;
  }
}

@media (min-width:768px) {
  .c0 {
    box-shadow: 0 0.4rem 0.5rem 0 rgba(0,0,0,0.2);
  }
}

@media (min-width:768px) {
  .c1 {
    height: 58rem;
  }
}

@media (min-width:768px) {
  .c4 {
    border-radius: 0 0 0.4rem 0.4rem;
    padding: 4.0rem;
    position: absolute;
    bottom: 0;
    left: 0;
  }
}

@media (min-width:768px) {
  .c5 {
    font-size: 2.8rem;
  }
}

@media (min-width:768px) {
  .c6 {
    font-size: 1.8rem;
  }
}

<main
  class="c0"
>
  <div
    aria-label="Defy death"
    class="c1"
    role="img"
    src="https://source.unsplash.com/user/willianjusten/1042x580"
  />
  <div
    class="c2 c3"
    color="secondary"
  >
    My Ribbon
  </div>
  <div
    class="c4"
  >
    <h2
      class="c5"
    >
      Defy death
    </h2>
    <h3
      class="c6"
    >
      <p>
        Play the new 
        <strong>
          CrashLands
        </strong>
         season
      </p>
    </h3>
    <a
      class="c7"
      href="/games/defy-death"
    >
      <span>
        Buy now
      </span>
    </a>
  </div>
</main>
`;
